
Joanne@LAPTOP-UDHFBNA8 MINGW64 ~
$ ls
'3D Objects'/            ntuser.dat.LOG2
 AppData/                NTUSER.DAT{a865ea5d-c67a-11e9-be9c-88382fd32e5b}.TM.blf
'Application Data'@      NTUSER.DAT{a865ea5d-c67a-11e9-be9c-88382fd32e5b}.TMContainer00000000000000000001.regtrans-ms
 Contacts/               NTUSER.DAT{a865ea5d-c67a-11e9-be9c-88382fd32e5b}.TMContainer00000000000000000002.regtrans-ms
 Cookies@                ntuser.ini
 Desktop/                OneDrive/
 Documents/              Pictures/
 Downloads/              PrintHood@
 Favorites/              Recent@
 Links/                 'Saved Games'/
'Local Settings'@        Searches/
 MicrosoftEdgeBackups/   SendTo@
 Music/                 'Start Menu'@
'My Documents'@          Templates@
 NetHood@                Trelby/
 NTUSER.DAT              Videos/
 ntuser.dat.LOG1

Joanne@LAPTOP-UDHFBNA8 MINGW64 ~
$ cd Documents/

Joanne@LAPTOP-UDHFBNA8 MINGW64 ~/Documents
$ ls
'ADMIN WORK'/  'Downloads from phone'/  'Import from MSI 26042020'/  'My Videos'@                 Roland/
 CODING/        GARDEN/                 'My Music'@                  'New folder'/               'Scanned Documents'/
 desktop.ini    HOME/                   'My Pictures'@               'OLD LIFE CORRESPONDENCE'/  'WRITING WORK'/

Joanne@LAPTOP-UDHFBNA8 MINGW64 ~/Documents
$ cd CODING/

Joanne@LAPTOP-UDHFBNA8 MINGW64 ~/Documents/CODING
$ ls
 JAVASCRIPT/   JS_4_DUMDUMS/  'Wiley - JavaScript for Dummies, 4th Ed - 2005 - (By Laxxuss).pdf'

Joanne@LAPTOP-UDHFBNA8 MINGW64 ~/Documents/CODING
$ cd JS_4_DUMDUMS/

Joanne@LAPTOP-UDHFBNA8 MINGW64 ~/Documents/CODING/JS_4_DUMDUMS
$ ls
total-js-project/

Joanne@LAPTOP-UDHFBNA8 MINGW64 ~/Documents/CODING/JS_4_DUMDUMS
$ cd total-js-project/

Joanne@LAPTOP-UDHFBNA8 MINGW64 ~/Documents/CODING/JS_4_DUMDUMS/total-js-project (master)
$ git add .

Joanne@LAPTOP-UDHFBNA8 MINGW64 ~/Documents/CODING/JS_4_DUMDUMS/total-js-project (master)
$ git commit -m 'finish chapter 2 start ch 3'
[master de0050c] finish chapter 2 start ch 3
 8 files changed, 100 insertions(+)
 create mode 100644 Ch1_Ch2/Listing 2-2.html
 create mode 100644 Ch1_Ch2/Listing 2_1.html
 create mode 100644 Ch1_Ch2/home.html
 create mode 100644 Ch3/addtwo.html
 create mode 100644 Ch3/working_with_variables_pg40.html
 create mode 100644 Listing 2-2.html
 create mode 100644 Listing 2_1.html
 create mode 100644 js/countToTen.js

Joanne@LAPTOP-UDHFBNA8 MINGW64 ~/Documents/CODING/JS_4_DUMDUMS/total-js-project (master)
$ git push
Enumerating objects: 10, done.
Counting objects: 100% (10/10), done.
Delta compression using up to 2 threads
Compressing objects: 100% (8/8), done.
Writing objects: 100% (9/9), 1.29 KiB | 73.00 KiB/s, done.
Total 9 (delta 0), reused 0 (delta 0), pack-reused 0
To github.com:Joanne-Tree/total-js-project.git
   73933d3..de0050c  master -> master

Joanne@LAPTOP-UDHFBNA8 MINGW64 ~/Documents/CODING/JS_4_DUMDUMS/total-js-project (master)
$ git branch develop

Joanne@LAPTOP-UDHFBNA8 MINGW64 ~/Documents/CODING/JS_4_DUMDUMS/total-js-project (master)
$ git checkout develop
Switched to branch 'develop'

Joanne@LAPTOP-UDHFBNA8 MINGW64 ~/Documents/CODING/JS_4_DUMDUMS/total-js-project (develop)
$  cd Ch3/

Joanne@LAPTOP-UDHFBNA8 MINGW64 ~/Documents/CODING/JS_4_DUMDUMS/total-js-project/Ch3 (develop)
$ ls
addtwo.html  working_with_variables_pg40.html

Joanne@LAPTOP-UDHFBNA8 MINGW64 ~/Documents/CODING/JS_4_DUMDUMS/total-js-project/Ch3 (develop)
$ open addtwo.html
bash: open: command not found

Joanne@LAPTOP-UDHFBNA8 MINGW64 ~/Documents/CODING/JS_4_DUMDUMS/total-js-project/Ch3 (develop)
$ addtwo.html
bash: addtwo.html: command not found

Joanne@LAPTOP-UDHFBNA8 MINGW64 ~/Documents/CODING/JS_4_DUMDUMS/total-js-project/Ch3 (develop)
$ start addtwo.html

Joanne@LAPTOP-UDHFBNA8 MINGW64 ~/Documents/CODING/JS_4_DUMDUMS/total-js-project/Ch3 (develop)
$ start addtwo.html

Joanne@LAPTOP-UDHFBNA8 MINGW64 ~/Documents/CODING/JS_4_DUMDUMS/total-js-project/Ch3 (develop)
$ cd..
bash: cd..: command not found

Joanne@LAPTOP-UDHFBNA8 MINGW64 ~/Documents/CODING/JS_4_DUMDUMS/total-js-project/Ch3 (develop)
$ cd ..

Joanne@LAPTOP-UDHFBNA8 MINGW64 ~/Documents/CODING/JS_4_DUMDUMS/total-js-project (develop)
$ git add .

Joanne@LAPTOP-UDHFBNA8 MINGW64 ~/Documents/CODING/JS_4_DUMDUMS/total-js-project (develop)
$ git commit -m 'Added Alert Button'
[develop db4379b] Added Alert Button
 2 files changed, 10 insertions(+), 7 deletions(-)
 create mode 100644 Ch3/numbers.js

Joanne@LAPTOP-UDHFBNA8 MINGW64 ~/Documents/CODING/JS_4_DUMDUMS/total-js-project (develop)
$ git push
fatal: The current branch develop has no upstream branch.
To push the current branch and set the remote as upstream, use

    git push --set-upstream origin develop


Joanne@LAPTOP-UDHFBNA8 MINGW64 ~/Documents/CODING/JS_4_DUMDUMS/total-js-project (develop)
$ git push --set-upstream origin develop
Enumerating objects: 8, done.
Counting objects: 100% (8/8), done.
Delta compression using up to 2 threads
Compressing objects: 100% (5/5), done.
Writing objects: 100% (5/5), 627 bytes | 69.00 KiB/s, done.
Total 5 (delta 1), reused 0 (delta 0), pack-reused 0
remote: Resolving deltas: 100% (1/1), completed with 1 local object.
remote:
remote: Create a pull request for 'develop' on GitHub by visiting:
remote:      https://github.com/Joanne-Tree/total-js-project/pull/new/develop
remote:
To github.com:Joanne-Tree/total-js-project.git
 * [new branch]      develop -> develop
Branch 'develop' set up to track remote branch 'develop' from 'origin'.

Joanne@LAPTOP-UDHFBNA8 MINGW64 ~/Documents/CODING/JS_4_DUMDUMS/total-js-project (develop)
$ ls
 Ch1_Ch2/   Ch3/   home.html   js/  'Listing 2_1.html'  'Listing 2-2.html'   README.md

Joanne@LAPTOP-UDHFBNA8 MINGW64 ~/Documents/CODING/JS_4_DUMDUMS/total-js-project (develop)
$ cd Ch3/

Joanne@LAPTOP-UDHFBNA8 MINGW64 ~/Documents/CODING/JS_4_DUMDUMS/total-js-project/Ch3 (develop)
$ ls
addtwo.html  movies.html  movies.js  numbers.js  working_with_variables_pg40.html

Joanne@LAPTOP-UDHFBNA8 MINGW64 ~/Documents/CODING/JS_4_DUMDUMS/total-js-project/Ch3 (develop)
$ start movies.html

Joanne@LAPTOP-UDHFBNA8 MINGW64 ~/Documents/CODING/JS_4_DUMDUMS/total-js-project/Ch3 (develop)
$ cd ..

Joanne@LAPTOP-UDHFBNA8 MINGW64 ~/Documents/CODING/JS_4_DUMDUMS/total-js-project (develop)
$ git add .

Joanne@LAPTOP-UDHFBNA8 MINGW64 ~/Documents/CODING/JS_4_DUMDUMS/total-js-project (develop)
$ git commit -m 'Added Good Movie and Bad Movie'
[develop fd77b79] Added Good Movie and Bad Movie
 2 files changed, 18 insertions(+)
 create mode 100644 Ch3/movies.html
 create mode 100644 Ch3/movies.js

Joanne@LAPTOP-UDHFBNA8 MINGW64 ~/Documents/CODING/JS_4_DUMDUMS/total-js-project (develop)
$ git push
Enumerating objects: 7, done.
Counting objects: 100% (7/7), done.
Delta compression using up to 2 threads
Compressing objects: 100% (5/5), done.
Writing objects: 100% (5/5), 720 bytes | 80.00 KiB/s, done.
Total 5 (delta 1), reused 0 (delta 0), pack-reused 0
remote: Resolving deltas: 100% (1/1), completed with 1 local object.
To github.com:Joanne-Tree/total-js-project.git
   db4379b..fd77b79  develop -> develop

Joanne@LAPTOP-UDHFBNA8 MINGW64 ~/Documents/CODING/JS_4_DUMDUMS/total-js-project (develop)
$ git add .

Joanne@LAPTOP-UDHFBNA8 MINGW64 ~/Documents/CODING/JS_4_DUMDUMS/total-js-project (develop)
$ git commit -m 'Fixed error'
[develop 9486e7d] Fixed error
 1 file changed, 2 insertions(+), 1 deletion(-)

Joanne@LAPTOP-UDHFBNA8 MINGW64 ~/Documents/CODING/JS_4_DUMDUMS/total-js-project (develop)
$ git push
Enumerating objects: 7, done.
Counting objects: 100% (7/7), done.
Delta compression using up to 2 threads
Compressing objects: 100% (4/4), done.
Writing objects: 100% (4/4), 409 bytes | 102.00 KiB/s, done.
Total 4 (delta 3), reused 0 (delta 0), pack-reused 0
remote: Resolving deltas: 100% (3/3), completed with 3 local objects.
To github.com:Joanne-Tree/total-js-project.git
   fd77b79..9486e7d  develop -> develop

Joanne@LAPTOP-UDHFBNA8 MINGW64 ~/Documents/CODING/JS_4_DUMDUMS/total-js-project (develop)
$ ls
 Ch1_Ch2/   Ch3/   home.html   js/  'Listing 2_1.html'  'Listing 2-2.html'   README.md

Joanne@LAPTOP-UDHFBNA8 MINGW64 ~/Documents/CODING/JS_4_DUMDUMS/total-js-project (develop)
$ cd Ch3/

Joanne@LAPTOP-UDHFBNA8 MINGW64 ~/Documents/CODING/JS_4_DUMDUMS/total-js-project/Ch3 (develop)
$ ls
addtwo.html  moreNumbers.html  movies.html  movies.js  numbers.js  working_with_variables_pg40.html

Joanne@LAPTOP-UDHFBNA8 MINGW64 ~/Documents/CODING/JS_4_DUMDUMS/total-js-project/Ch3 (develop)
$ start moreNumbers.html

Joanne@LAPTOP-UDHFBNA8 MINGW64 ~/Documents/CODING/JS_4_DUMDUMS/total-js-project/Ch3 (develop)
$ git add .

Joanne@LAPTOP-UDHFBNA8 MINGW64 ~/Documents/CODING/JS_4_DUMDUMS/total-js-project/Ch3 (develop)
$ git commit -m 'added data types'
[develop 3183bca] added data types
 1 file changed, 22 insertions(+)
 create mode 100644 Ch3/moreNumbers.html

Joanne@LAPTOP-UDHFBNA8 MINGW64 ~/Documents/CODING/JS_4_DUMDUMS/total-js-project/Ch3 (develop)
$ git push
Enumerating objects: 6, done.
Counting objects: 100% (6/6), done.
Delta compression using up to 2 threads
Compressing objects: 100% (4/4), done.
Writing objects: 100% (4/4), 526 bytes | 87.00 KiB/s, done.
Total 4 (delta 2), reused 0 (delta 0), pack-reused 0
remote: Resolving deltas: 100% (2/2), completed with 2 local objects.
To github.com:Joanne-Tree/total-js-project.git
   9486e7d..3183bca  develop -> develop

Joanne@LAPTOP-UDHFBNA8 MINGW64 ~/Documents/CODING/JS_4_DUMDUMS/total-js-project/Ch3 (develop)
$